Copyright 1986-2020 Xilinx, Inc. All Rights Reserved.
----------------------------------------------------------------------------------------------
| Tool Version : Vivado v.2020.2 (win64) Build 3064766 Wed Nov 18 09:12:45 MST 2020
| Date         : Tue Nov 21 18:37:23 2023
| Host         : DESKTOP-S28V71U running 64-bit major release  (build 9200)
| Command      : report_control_sets -verbose -file hdmi_colorbar_top_control_sets_placed.rpt
| Design       : hdmi_colorbar_top
| Device       : xc7z020
----------------------------------------------------------------------------------------------

Control Set Information

Table of Contents
-----------------
1. Summary
2. Histogram
3. Flip-Flop Distribution
4. Detailed Control Set Information

1. Summary
----------

+----------------------------------------------------------+-------+
|                          Status                          | Count |
+----------------------------------------------------------+-------+
| Total control sets                                       |     6 |
|    Minimum number of control sets                        |     6 |
|    Addition due to synthesis replication                 |     0 |
|    Addition due to physical synthesis replication        |     0 |
| Unused register locations in slices containing registers |    33 |
+----------------------------------------------------------+-------+
* Control sets can be merged at opt_design using control_set_merge or merge_equivalent_drivers
** Run report_qor_suggestions for automated merging and remapping suggestions


2. Histogram
------------

+--------------------+-------+
|       Fanout       | Count |
+--------------------+-------+
| Total control sets |     6 |
| >= 0 to < 4        |     1 |
| >= 4 to < 6        |     1 |
| >= 6 to < 8        |     0 |
| >= 8 to < 10       |     0 |
| >= 10 to < 12      |     1 |
| >= 12 to < 14      |     0 |
| >= 14 to < 16      |     0 |
| >= 16              |     3 |
+--------------------+-------+
* Control sets can be remapped at either synth_design or opt_design


3. Flip-Flop Distribution
-------------------------

+--------------+-----------------------+------------------------+-----------------+--------------+
| Clock Enable | Synchronous Set/Reset | Asynchronous Set/Reset | Total Registers | Total Slices |
+--------------+-----------------------+------------------------+-----------------+--------------+
| No           | No                    | No                     |              25 |           11 |
| No           | No                    | Yes                    |              44 |           19 |
| No           | Yes                   | No                     |               8 |            3 |
| Yes          | No                    | No                     |               0 |            0 |
| Yes          | No                    | Yes                    |              10 |            3 |
| Yes          | Yes                   | No                     |               0 |            0 |
+--------------+-----------------------+------------------------+-----------------+--------------+


4. Detailed Control Set Information
-----------------------------------

+--------------------------+----------------------+---------------------------------------+------------------+----------------+--------------+
|       Clock Signal       |     Enable Signal    |            Set/Reset Signal           | Slice Load Count | Bel Load Count | Bels / Slice |
+--------------------------+----------------------+---------------------------------------+------------------+----------------+--------------+
|  clk_wiz_0/inst/clk_out1 |                      | u_rgb2dvi_0/reset_syn/reset_1_i_1_n_0 |                1 |              2 |         2.00 |
|  clk_wiz_0/inst/clk_out1 |                      | u_rgb2dvi_0/encoder_g/video_en_reg    |                2 |              4 |         2.00 |
|  clk_wiz_0/inst/clk_out1 | u_video_driver/cnt_v | u_video_driver/SR[0]                  |                3 |             10 |         3.33 |
|  clk_wiz_0/inst/clk_out1 |                      | u_video_driver/SR[0]                  |                4 |             20 |         5.00 |
|  clk_wiz_0/inst/clk_out1 |                      |                                       |               11 |             25 |         2.27 |
|  clk_wiz_0/inst/clk_out1 |                      | u_rgb2dvi_0/reset_syn/AR[0]           |               15 |             26 |         1.73 |
+--------------------------+----------------------+---------------------------------------+------------------+----------------+--------------+


